** Mapping for experiment E15190 after run 2057 **
** Written by Daniele Dell'Aquila (dellaqui@nscl.msu.edu)
** Short guide *****************************************************************
**** To define a new detector: define detector DetType "name" options
**** To assign modules to a given detector: assign module DetName ModuleName1 ModuleName2 ...
**** To map a single detector channel to a given module channel: map DetName ChName detector="SingleDetName" module="ModuleName" channel="ch"
**** WARNING: in the case of the hinp module, the"channel" command is replaced by motherboard="#motherboard" chipboard="#chipboard". Motherboard number starts from 0, chipboard starts from 1
**** WARNING: TDC spare channels can be mapped in the output tree by using the TDCSpare detector. "SingleDetName" will indicate here the name of the detector branch in the output tree.
**
** Possible DetType values: HiRA, NeutronWall, VetoWall, Microball, ForwardArray, SisTimestampe15190, TDCSpare
** options differ detector-by-detector
** Examples: *************************************
** define detector HiRA "HiRA" NumTelescopes
** define detector NeutronWall "NWA" NumBars
** define detector ForwardArray "ForwardArray" NumSectors
** define detector VetoWall "VetoWall" NumBars
** define detector Microball "uBall"
** define detector SisTimestampe15190 "Timestamp0"
** define detector TDCSpare "TDCTriggers"
**************************************************
**
** Possible values of ChName for each detector:
** HiRA: EF EB DE CSIENE CSITIME
** NeutronWall: LEFT LEFTFAST LEFTTIME RIGHT RIGHTFAST RIGHTTIME
** VetoWall: TOP TOPTIME BOTTOM BOTTOMTIME
** ForwardArray: ENERGY TIME
** Microball: FAST TAIL TIME
** SisTimestampe15190: TIMESTAMP TIMESTAMPKOREANS
** TDCSpare: NULL
********************************************************************************

** detectors definition
define detector IonChamber "IC" 4

** assign modules to detectors
assign module IC adc1 tdc1

** detector mapping for HiRA
map IC ENERGY 0 adc1 0
map IC ENERGY 1 adc1 1
map IC ENERGY 2 adc1 2
map IC ENERGY 3 adc1 3

map IC TIME 0 tdc1 0
map IC TIME 1 tdc1 1
map IC TIME 2 tdc1 2
map IC TIME 3 tdc1 3
