** Mapping for experiment E15190 after run 2057 **
** Written by Daniele Dell'Aquila (dellaqui@nscl.msu.edu)
** Short guide *****************************************************************
**** To define a new detector: define detector DetType"name" options
**** To assign modules to a given detector: assign module DetName ModuleName1 ModuleName2 ...
**** To map a single detector channel to a given module channel: map DetName ChName detector="SingleDetName" module="ModuleName" channel="ch"
**** WARNING: in the case of the hinp module, the"channel" command is replaced by motherboard="#motherboard" chipboard="#chipboard". Motherboard number starts from 0, chipboard starts from 1
**** WARNING: TDC spare channels can be mapped in the output tree by using the TDCSpare detector. "SingleDetName" will indicate here the name of the detector branch in the output tree.
**
** Possible DetType values: HiRA, NeutronWall, VetoWall, Microball, ForwardArray, SisTimestampe15190
** options differ detector-by-detector
** Examples: *************************************
** define detector HiRA "HiRA" NumTelescopes
** define detector NeutronWall "NWA" NumBars
** define detector ForwardArray "ForwardArray" NumSectors
** define detector VetoWall "VetoWall" NumBars
** define detector Microball "uBall"
** define detector SisTimestampe15190 "Timestamp0"
** define detector TDCSpare "TDCTriggers"
**************************************************
**
** Possible values of ChName for each detector:
** HiRA: EF EB DE CSIENE CSITIME
** NeutronWall: LEFT LEFTFAST LEFTTIME RIGHT RIGHTFAST RIGHTTIME
** VetoWall: TOP TOPTIME BOTTOM BOTTOMTIME
** ForwardArray: ENERGY TIME
** Microball: FAST TAIL TIME
** SisTimestampe15190: TIMESTAMP TIMESTAMPKOREANS
** TDCSpare: NULL
********************************************************************************

** detectors definition
define detector HiRA "HiRA" 12
define detector NeutronWall "NWA" 25
define detector NeutronWall "NWB" 25
define detector VetoWall "VetoWall" 25
define detector ForwardArray "ForwardArray" 18
define detector Microball "uBall"
define detector SisTimestampe15190 "Timestamp0"
define detector SisTimestampe15190 "Timestamp1"
define detector TDCSpare "TDCTriggers"

** assign modules to detectors
assign module HiRA hinp adc1 adc2 csiTDC
assign module uBall MBqdc1 MBqdc2 MBqdc3 MBqdc4 MBqdc5 MBqdc6 MBtdc1 MBtdc2 MBtdc3
assign module NWA qdc2 qdc3 qdc5 qdc6 NWTDC
assign module NWB qdc1 qdc2 qdc4 qdc5 NWTDC
assign module VetoWall qdc7 qdc8 VWTDC
assign module ForwardArray qdcfart VWTDC
assign module Timestamp0 timestamp1
assign module Timestamp1 timestamp2
assign module TDCTriggers csiTDC NWTDC VWTDC

** detector mapping for HiRA
map HiRA EF     detector="0" module="hinp" motherboard="0" chipboard="2"
map HiRA EF     detector="1" module="hinp" motherboard="0" chipboard="4"
map HiRA EF     detector="2" module="hinp" motherboard="0" chipboard="6"
map HiRA EF     detector="3" module="hinp" motherboard="0" chipboard="8"
map HiRA EF     detector="4" module="hinp" motherboard="0" chipboard="10"
map HiRA EF     detector="5" module="hinp" motherboard="0" chipboard="12"
map HiRA EF     detector="6" module="hinp" motherboard="1" chipboard="2"
map HiRA EF     detector="7" module="hinp" motherboard="1" chipboard="4"
map HiRA EF     detector="8" module="hinp" motherboard="1" chipboard="6"
map HiRA EF     detector="9" module="hinp" motherboard="1" chipboard="8"
map HiRA EF     detector="10" module="hinp" motherboard="1" chipboard="10"
map HiRA EF     detector="11" module="hinp" motherboard="1" chipboard="12"
map HiRA EB     detector="0" module="hinp" motherboard="0" chipboard="1"
map HiRA EB     detector="1" module="hinp" motherboard="0" chipboard="3"
map HiRA EB     detector="2" module="hinp" motherboard="0" chipboard="5"
map HiRA EB     detector="3" module="hinp" motherboard="0" chipboard="7"
map HiRA EB     detector="4" module="hinp" motherboard="0" chipboard="9"
map HiRA EB     detector="5" module="hinp" motherboard="0" chipboard="11"
map HiRA EB     detector="6" module="hinp" motherboard="1" chipboard="1"
map HiRA EB     detector="7" module="hinp" motherboard="1" chipboard="3"
map HiRA EB     detector="8" module="hinp" motherboard="1" chipboard="5"
map HiRA EB     detector="9" module="hinp" motherboard="1" chipboard="7"
map HiRA EB     detector="10" module="hinp" motherboard="1" chipboard="9"
map HiRA EB     detector="11" module="hinp" motherboard="1" chipboard="11"
map HiRA CSIENE detector="TEL00_CsI0" module="adc1" channel="0"
map HiRA CSIENE detector="TEL00_CsI1" module="adc1" channel="1"
map HiRA CSIENE detector="TEL00_CsI2" module="adc1" channel="2"
map HiRA CSIENE detector="TEL00_CsI3" module="adc1" channel="3"
map HiRA CSIENE detector="TEL01_CsI0" module="adc1" channel="4"
map HiRA CSIENE detector="TEL01_CsI1" module="adc1" channel="5"
map HiRA CSIENE detector="TEL01_CsI2" module="adc1" channel="6"
map HiRA CSIENE detector="TEL01_CsI3" module="adc1" channel="7"
map HiRA CSIENE detector="TEL02_CsI0" module="adc1" channel="8"
map HiRA CSIENE detector="TEL02_CsI1" module="adc1" channel="9"
map HiRA CSIENE detector="TEL02_CsI2" module="adc1" channel="10"
map HiRA CSIENE detector="TEL02_CsI3" module="adc1" channel="11"
map HiRA CSIENE detector="TEL03_CsI0" module="adc1" channel="12"
map HiRA CSIENE detector="TEL03_CsI1" module="adc1" channel="13"
map HiRA CSIENE detector="TEL03_CsI2" module="adc1" channel="14"
map HiRA CSIENE detector="TEL03_CsI3" module="adc1" channel="15"
map HiRA CSIENE detector="TEL04_CsI0" module="adc1" channel="16"
map HiRA CSIENE detector="TEL04_CsI1" module="adc1" channel="17"
map HiRA CSIENE detector="TEL04_CsI2" module="adc1" channel="18"
map HiRA CSIENE detector="TEL04_CsI3" module="adc1" channel="19"
map HiRA CSIENE detector="TEL05_CsI0" module="adc1" channel="20"
map HiRA CSIENE detector="TEL05_CsI1" module="adc1" channel="21"
map HiRA CSIENE detector="TEL05_CsI2" module="adc1" channel="22"
map HiRA CSIENE detector="TEL05_CsI3" module="adc1" channel="23"
map HiRA CSIENE detector="TEL06_CsI0" module="adc1" channel="24"
map HiRA CSIENE detector="TEL06_CsI1" module="adc1" channel="25"
map HiRA CSIENE detector="TEL06_CsI2" module="adc1" channel="26"
map HiRA CSIENE detector="TEL06_CsI3" module="adc1" channel="27"
map HiRA CSIENE detector="TEL07_CsI0" module="adc1" channel="28"
map HiRA CSIENE detector="TEL07_CsI1" module="adc1" channel="29"
map HiRA CSIENE detector="TEL07_CsI2" module="adc1" channel="30"
map HiRA CSIENE detector="TEL07_CsI3" module="adc1" channel="31"
map HiRA CSIENE detector="TEL08_CsI0" module="adc2" channel="0"
map HiRA CSIENE detector="TEL08_CsI1" module="adc2" channel="1"
map HiRA CSIENE detector="TEL08_CsI2" module="adc2" channel="2"
map HiRA CSIENE detector="TEL08_CsI3" module="adc2" channel="3"
map HiRA CSIENE detector="TEL09_CsI0" module="adc2" channel="4"
map HiRA CSIENE detector="TEL09_CsI1" module="adc2" channel="5"
map HiRA CSIENE detector="TEL09_CsI2" module="adc2" channel="6"
map HiRA CSIENE detector="TEL09_CsI3" module="adc2" channel="7"
map HiRA CSIENE detector="TEL10_CsI0" module="adc2" channel="8"
map HiRA CSIENE detector="TEL10_CsI1" module="adc2" channel="9"
map HiRA CSIENE detector="TEL10_CsI2" module="adc2" channel="10"
map HiRA CSIENE detector="TEL10_CsI3" module="adc2" channel="11"
map HiRA CSIENE detector="TEL11_CsI0" module="adc2" channel="12"
map HiRA CSIENE detector="TEL11_CsI1" module="adc2" channel="13"
map HiRA CSIENE detector="TEL11_CsI2" module="adc2" channel="14"
map HiRA CSIENE detector="TEL11_CsI3" module="adc2" channel="15"
map HiRA CSITIME detector="TEL00_CsI0" module="csiTDC" channel="0"
map HiRA CSITIME detector="TEL00_CsI1" module="csiTDC" channel="1"
map HiRA CSITIME detector="TEL00_CsI2" module="csiTDC" channel="2"
map HiRA CSITIME detector="TEL00_CsI3" module="csiTDC" channel="3"
map HiRA CSITIME detector="TEL01_CsI0" module="csiTDC" channel="4"
map HiRA CSITIME detector="TEL01_CsI1" module="csiTDC" channel="5"
map HiRA CSITIME detector="TEL01_CsI2" module="csiTDC" channel="6"
map HiRA CSITIME detector="TEL01_CsI3" module="csiTDC" channel="7"
map HiRA CSITIME detector="TEL02_CsI0" module="csiTDC" channel="8"
map HiRA CSITIME detector="TEL02_CsI1" module="csiTDC" channel="9"
map HiRA CSITIME detector="TEL02_CsI2" module="csiTDC" channel="10"
map HiRA CSITIME detector="TEL02_CsI3" module="csiTDC" channel="11"
map HiRA CSITIME detector="TEL03_CsI0" module="csiTDC" channel="12"
map HiRA CSITIME detector="TEL03_CsI1" module="csiTDC" channel="13"
map HiRA CSITIME detector="TEL03_CsI2" module="csiTDC" channel="14"
map HiRA CSITIME detector="TEL03_CsI3" module="csiTDC" channel="15"
map HiRA CSITIME detector="TEL04_CsI0" module="csiTDC" channel="16"
map HiRA CSITIME detector="TEL04_CsI1" module="csiTDC" channel="17"
map HiRA CSITIME detector="TEL04_CsI2" module="csiTDC" channel="18"
map HiRA CSITIME detector="TEL04_CsI3" module="csiTDC" channel="19"
map HiRA CSITIME detector="TEL05_CsI0" module="csiTDC" channel="20"
map HiRA CSITIME detector="TEL05_CsI1" module="csiTDC" channel="21"
map HiRA CSITIME detector="TEL05_CsI2" module="csiTDC" channel="22"
map HiRA CSITIME detector="TEL05_CsI3" module="csiTDC" channel="23"
map HiRA CSITIME detector="TEL06_CsI0" module="csiTDC" channel="24"
map HiRA CSITIME detector="TEL06_CsI1" module="csiTDC" channel="25"
map HiRA CSITIME detector="TEL06_CsI2" module="csiTDC" channel="26"
map HiRA CSITIME detector="TEL06_CsI3" module="csiTDC" channel="27"
map HiRA CSITIME detector="TEL07_CsI0" module="csiTDC" channel="28"
map HiRA CSITIME detector="TEL07_CsI1" module="csiTDC" channel="29"
map HiRA CSITIME detector="TEL07_CsI2" module="csiTDC" channel="30"
map HiRA CSITIME detector="TEL07_CsI3" module="csiTDC" channel="31"
map HiRA CSITIME detector="TEL08_CsI0" module="csiTDC" channel="32"
map HiRA CSITIME detector="TEL08_CsI1" module="csiTDC" channel="33"
map HiRA CSITIME detector="TEL08_CsI2" module="csiTDC" channel="34"
map HiRA CSITIME detector="TEL08_CsI3" module="csiTDC" channel="35"
map HiRA CSITIME detector="TEL09_CsI0" module="csiTDC" channel="36"
map HiRA CSITIME detector="TEL09_CsI1" module="csiTDC" channel="37"
map HiRA CSITIME detector="TEL09_CsI2" module="csiTDC" channel="38"
map HiRA CSITIME detector="TEL09_CsI3" module="csiTDC" channel="39"
map HiRA CSITIME detector="TEL10_CsI0" module="csiTDC" channel="40"
map HiRA CSITIME detector="TEL10_CsI1" module="csiTDC" channel="41"
map HiRA CSITIME detector="TEL10_CsI2" module="csiTDC" channel="42"
map HiRA CSITIME detector="TEL10_CsI3" module="csiTDC" channel="43"
map HiRA CSITIME detector="TEL11_CsI0" module="csiTDC" channel="44"
map HiRA CSITIME detector="TEL11_CsI1" module="csiTDC" channel="45"
map HiRA CSITIME detector="TEL11_CsI2" module="csiTDC" channel="46"
map HiRA CSITIME detector="TEL11_CsI3" module="csiTDC" channel="47"

** detector mapping for NWA
map NWA LEFT detector="24"  module="qdc3"  channel="8"
map NWA LEFT detector="1"  module="qdc3"  channel="9"
map NWA LEFT detector="2"  module="qdc3"  channel="10"
map NWA LEFT detector="3"  module="qdc3"  channel="11"
map NWA LEFT detector="4"  module="qdc3"  channel="12"
map NWA LEFT detector="5"  module="qdc3"  channel="13"
map NWA LEFT detector="6"  module="qdc3"  channel="14"
map NWA LEFT detector="7"  module="qdc3"  channel="15"
map NWA LEFT detector="8"  module="qdc3"  channel="16"
map NWA LEFT detector="9"  module="qdc3"  channel="17"
map NWA LEFT detector="10"  module="qdc3"  channel="18"
map NWA LEFT detector="11"  module="qdc3"  channel="19"
map NWA LEFT detector="12"  module="qdc3"  channel="20"
map NWA LEFT detector="13"  module="qdc3"  channel="21"
map NWA LEFT detector="14"  module="qdc3"  channel="22"
map NWA LEFT detector="15"  module="qdc3"  channel="23"
map NWA LEFT detector="16"  module="qdc3"  channel="24"
map NWA LEFT detector="17"  module="qdc3"  channel="25"
map NWA LEFT detector="18"  module="qdc3"  channel="26"
map NWA LEFT detector="19"  module="qdc3"  channel="27"
map NWA LEFT detector="20"  module="qdc3"  channel="28"
map NWA LEFT detector="21"  module="qdc3"  channel="29"
map NWA LEFT detector="22"  module="qdc3"  channel="30"
map NWA LEFT detector="23"  module="qdc3"  channel="31"
map NWA LEFTFAST detector="24"  module="qdc6"  channel="8"
map NWA LEFTFAST detector="1"  module="qdc6"  channel="9"
map NWA LEFTFAST detector="2"  module="qdc6"  channel="10"
map NWA LEFTFAST detector="3"  module="qdc6"  channel="11"
map NWA LEFTFAST detector="4"  module="qdc6"  channel="12"
map NWA LEFTFAST detector="5"  module="qdc6"  channel="13"
map NWA LEFTFAST detector="6"  module="qdc6"  channel="14"
map NWA LEFTFAST detector="7"  module="qdc6"  channel="15"
map NWA LEFTFAST detector="8"  module="qdc6"  channel="16"
map NWA LEFTFAST detector="9"  module="qdc6"  channel="17"
map NWA LEFTFAST detector="10"  module="qdc6"  channel="18"
map NWA LEFTFAST detector="11"  module="qdc6"  channel="19"
map NWA LEFTFAST detector="12"  module="qdc6"  channel="20"
map NWA LEFTFAST detector="13"  module="qdc6"  channel="21"
map NWA LEFTFAST detector="14"  module="qdc6"  channel="22"
map NWA LEFTFAST detector="15"  module="qdc6"  channel="23"
map NWA LEFTFAST detector="16"  module="qdc6"  channel="24"
map NWA LEFTFAST detector="17"  module="qdc6"  channel="25"
map NWA LEFTFAST detector="18"  module="qdc6"  channel="26"
map NWA LEFTFAST detector="19"  module="qdc6"  channel="27"
map NWA LEFTFAST detector="20"  module="qdc6"  channel="28"
map NWA LEFTFAST detector="21"  module="qdc6"  channel="29"
map NWA LEFTFAST detector="22"  module="qdc6"  channel="30"
map NWA LEFTFAST detector="23"  module="qdc6"  channel="31"
map NWA LEFTTIME detector="24"  module="NWTDC"  channel="72"
map NWA LEFTTIME detector="1"  module="NWTDC"  channel="73"
map NWA LEFTTIME detector="2"  module="NWTDC"  channel="74"
map NWA LEFTTIME detector="3"  module="NWTDC"  channel="75"
map NWA LEFTTIME detector="4"  module="NWTDC"  channel="76"
map NWA LEFTTIME detector="5"  module="NWTDC"  channel="77"
map NWA LEFTTIME detector="6"  module="NWTDC"  channel="78"
map NWA LEFTTIME detector="7"  module="NWTDC"  channel="79"
map NWA LEFTTIME detector="8"  module="NWTDC"  channel="80"
map NWA LEFTTIME detector="9"  module="NWTDC"  channel="81"
map NWA LEFTTIME detector="10"  module="NWTDC"  channel="82"
map NWA LEFTTIME detector="11"  module="NWTDC"  channel="83"
map NWA LEFTTIME detector="12"  module="NWTDC"  channel="84"
map NWA LEFTTIME detector="13"  module="NWTDC"  channel="85"
map NWA LEFTTIME detector="14"  module="NWTDC"  channel="86"
map NWA LEFTTIME detector="15"  module="NWTDC"  channel="87"
map NWA LEFTTIME detector="16"  module="NWTDC"  channel="88"
map NWA LEFTTIME detector="17"  module="NWTDC"  channel="89"
map NWA LEFTTIME detector="18"  module="NWTDC"  channel="90"
map NWA LEFTTIME detector="19"  module="NWTDC"  channel="91"
map NWA LEFTTIME detector="20"  module="NWTDC"  channel="92"
map NWA LEFTTIME detector="21"  module="NWTDC"  channel="93"
map NWA LEFTTIME detector="22"  module="NWTDC"  channel="94"
map NWA LEFTTIME detector="23"  module="NWTDC"  channel="95"
map NWA RIGHT detector="24"  module="qdc2"  channel="16"
map NWA RIGHT detector="1"  module="qdc2"  channel="17"
map NWA RIGHT detector="2"  module="qdc2"  channel="18"
map NWA RIGHT detector="3"  module="qdc2"  channel="19"
map NWA RIGHT detector="4"  module="qdc2"  channel="20"
map NWA RIGHT detector="5"  module="qdc2"  channel="21"
map NWA RIGHT detector="6"  module="qdc2"  channel="22"
map NWA RIGHT detector="7"  module="qdc2"  channel="23"
map NWA RIGHT detector="8"  module="qdc2"  channel="24"
map NWA RIGHT detector="9"  module="qdc2"  channel="25"
map NWA RIGHT detector="10"  module="qdc2"  channel="26"
map NWA RIGHT detector="11"  module="qdc2"  channel="27"
map NWA RIGHT detector="12"  module="qdc2"  channel="28"
map NWA RIGHT detector="13"  module="qdc2"  channel="29"
map NWA RIGHT detector="14"  module="qdc2"  channel="30"
map NWA RIGHT detector="15"  module="qdc2"  channel="31"
map NWA RIGHT detector="16"  module="qdc3"  channel="0"
map NWA RIGHT detector="17"  module="qdc3"  channel="1"
map NWA RIGHT detector="18"  module="qdc3"  channel="2"
map NWA RIGHT detector="19"  module="qdc3"  channel="3"
map NWA RIGHT detector="20"  module="qdc3"  channel="4"
map NWA RIGHT detector="21"  module="qdc3"  channel="5"
map NWA RIGHT detector="22"  module="qdc3"  channel="6"
map NWA RIGHT detector="23"  module="qdc3"  channel="7"
map NWA RIGHTFAST detector="24"  module="qdc5"  channel="16"
map NWA RIGHTFAST detector="1"  module="qdc5"  channel="17"
map NWA RIGHTFAST detector="2"  module="qdc5"  channel="18"
map NWA RIGHTFAST detector="3"  module="qdc5"  channel="19"
map NWA RIGHTFAST detector="4"  module="qdc5"  channel="20"
map NWA RIGHTFAST detector="5"  module="qdc5"  channel="21"
map NWA RIGHTFAST detector="6"  module="qdc5"  channel="22"
map NWA RIGHTFAST detector="7"  module="qdc5"  channel="23"
map NWA RIGHTFAST detector="8"  module="qdc5"  channel="24"
map NWA RIGHTFAST detector="9"  module="qdc5"  channel="25"
map NWA RIGHTFAST detector="10"  module="qdc5"  channel="26"
map NWA RIGHTFAST detector="11"  module="qdc5"  channel="27"
map NWA RIGHTFAST detector="12"  module="qdc5"  channel="28"
map NWA RIGHTFAST detector="13"  module="qdc5"  channel="29"
map NWA RIGHTFAST detector="14"  module="qdc5"  channel="30"
map NWA RIGHTFAST detector="15"  module="qdc5"  channel="31"
map NWA RIGHTFAST detector="16"  module="qdc6"  channel="0"
map NWA RIGHTFAST detector="17"  module="qdc6"  channel="1"
map NWA RIGHTFAST detector="18"  module="qdc6"  channel="2"
map NWA RIGHTFAST detector="19"  module="qdc6"  channel="3"
map NWA RIGHTFAST detector="20"  module="qdc6"  channel="4"
map NWA RIGHTFAST detector="21"  module="qdc6"  channel="5"
map NWA RIGHTFAST detector="22"  module="qdc6"  channel="6"
map NWA RIGHTFAST detector="23"  module="qdc6"  channel="7"
map NWA RIGHTTIME detector="24"  module="NWTDC"  channel="48"
map NWA RIGHTTIME detector="1"  module="NWTDC"  channel="49"
map NWA RIGHTTIME detector="2"  module="NWTDC"  channel="50"
map NWA RIGHTTIME detector="3"  module="NWTDC"  channel="51"
map NWA RIGHTTIME detector="4"  module="NWTDC"  channel="52"
map NWA RIGHTTIME detector="5"  module="NWTDC"  channel="53"
map NWA RIGHTTIME detector="6"  module="NWTDC"  channel="54"
map NWA RIGHTTIME detector="7"  module="NWTDC"  channel="55"
map NWA RIGHTTIME detector="8"  module="NWTDC"  channel="56"
map NWA RIGHTTIME detector="9"  module="NWTDC"  channel="57"
map NWA RIGHTTIME detector="10"  module="NWTDC"  channel="58"
map NWA RIGHTTIME detector="11"  module="NWTDC"  channel="59"
map NWA RIGHTTIME detector="12"  module="NWTDC"  channel="60"
map NWA RIGHTTIME detector="13"  module="NWTDC"  channel="61"
map NWA RIGHTTIME detector="14"  module="NWTDC"  channel="62"
map NWA RIGHTTIME detector="15"  module="NWTDC"  channel="63"
map NWA RIGHTTIME detector="16"  module="NWTDC"  channel="64"
map NWA RIGHTTIME detector="17"  module="NWTDC"  channel="65"
map NWA RIGHTTIME detector="18"  module="NWTDC"  channel="66"
map NWA RIGHTTIME detector="19"  module="NWTDC"  channel="67"
map NWA RIGHTTIME detector="20"  module="NWTDC"  channel="68"
map NWA RIGHTTIME detector="21"  module="NWTDC"  channel="69"
map NWA RIGHTTIME detector="22"  module="NWTDC"  channel="70"
map NWA RIGHTTIME detector="23"  module="NWTDC"  channel="71"

** detector mapping for NWB
map NWB LEFT detector="24"  module="qdc1"  channel="24"
map NWB LEFT detector="1"  module="qdc1"  channel="25"
map NWB LEFT detector="2"  module="qdc1"  channel="26"
map NWB LEFT detector="3"  module="qdc1"  channel="27"
map NWB LEFT detector="4"  module="qdc1"  channel="28"
map NWB LEFT detector="5"  module="qdc1"  channel="29"
map NWB LEFT detector="6"  module="qdc1"  channel="30"
map NWB LEFT detector="7"  module="qdc1"  channel="31"
map NWB LEFT detector="8"  module="qdc2"  channel="0"
map NWB LEFT detector="9"  module="qdc2"  channel="1"
map NWB LEFT detector="10"  module="qdc2"  channel="2"
map NWB LEFT detector="11"  module="qdc2"  channel="3"
map NWB LEFT detector="12"  module="qdc2"  channel="4"
map NWB LEFT detector="13"  module="qdc2"  channel="5"
map NWB LEFT detector="14"  module="qdc2"  channel="6"
map NWB LEFT detector="15"  module="qdc2"  channel="7"
map NWB LEFT detector="16"  module="qdc2"  channel="8"
map NWB LEFT detector="17"  module="qdc2"  channel="9"
map NWB LEFT detector="18"  module="qdc2"  channel="10"
map NWB LEFT detector="19"  module="qdc2"  channel="11"
map NWB LEFT detector="20"  module="qdc2"  channel="12"
map NWB LEFT detector="21"  module="qdc2"  channel="13"
map NWB LEFT detector="22"  module="qdc2"  channel="14"
map NWB LEFT detector="23"  module="qdc2"  channel="15"
map NWB LEFTFAST detector="24"  module="qdc4"  channel="24"
map NWB LEFTFAST detector="1"  module="qdc4"  channel="25"
map NWB LEFTFAST detector="2"  module="qdc4"  channel="26"
map NWB LEFTFAST detector="3"  module="qdc4"  channel="27"
map NWB LEFTFAST detector="4"  module="qdc4"  channel="28"
map NWB LEFTFAST detector="5"  module="qdc4"  channel="29"
map NWB LEFTFAST detector="6"  module="qdc4"  channel="30"
map NWB LEFTFAST detector="7"  module="qdc4"  channel="31"
map NWB LEFTFAST detector="8"  module="qdc5"  channel="0"
map NWB LEFTFAST detector="9"  module="qdc5"  channel="1"
map NWB LEFTFAST detector="10"  module="qdc5"  channel="2"
map NWB LEFTFAST detector="11"  module="qdc5"  channel="3"
map NWB LEFTFAST detector="12"  module="qdc5"  channel="4"
map NWB LEFTFAST detector="13"  module="qdc5"  channel="5"
map NWB LEFTFAST detector="14"  module="qdc5"  channel="6"
map NWB LEFTFAST detector="15"  module="qdc5"  channel="7"
map NWB LEFTFAST detector="16"  module="qdc5"  channel="8"
map NWB LEFTFAST detector="17"  module="qdc5"  channel="9"
map NWB LEFTFAST detector="18"  module="qdc5"  channel="10"
map NWB LEFTFAST detector="19"  module="qdc5"  channel="11"
map NWB LEFTFAST detector="20"  module="qdc5"  channel="12"
map NWB LEFTFAST detector="21"  module="qdc5"  channel="13"
map NWB LEFTFAST detector="22"  module="qdc5"  channel="14"
map NWB LEFTFAST detector="23"  module="qdc5"  channel="15"
map NWB LEFTTIME detector="24"  module="NWTDC"  channel="24"
map NWB LEFTTIME detector="1"  module="NWTDC"  channel="25"
map NWB LEFTTIME detector="2"  module="NWTDC"  channel="26"
map NWB LEFTTIME detector="3"  module="NWTDC"  channel="27"
map NWB LEFTTIME detector="4"  module="NWTDC"  channel="28"
map NWB LEFTTIME detector="5"  module="NWTDC"  channel="29"
map NWB LEFTTIME detector="6"  module="NWTDC"  channel="30"
map NWB LEFTTIME detector="7"  module="NWTDC"  channel="31"
map NWB LEFTTIME detector="8"  module="NWTDC"  channel="32"
map NWB LEFTTIME detector="9"  module="NWTDC"  channel="33"
map NWB LEFTTIME detector="10"  module="NWTDC"  channel="34"
map NWB LEFTTIME detector="11"  module="NWTDC"  channel="35"
map NWB LEFTTIME detector="12"  module="NWTDC"  channel="36"
map NWB LEFTTIME detector="13"  module="NWTDC"  channel="37"
map NWB LEFTTIME detector="14"  module="NWTDC"  channel="38"
map NWB LEFTTIME detector="15"  module="NWTDC"  channel="39"
map NWB LEFTTIME detector="16"  module="NWTDC"  channel="40"
map NWB LEFTTIME detector="17"  module="NWTDC"  channel="41"
map NWB LEFTTIME detector="18"  module="NWTDC"  channel="42"
map NWB LEFTTIME detector="19"  module="NWTDC"  channel="43"
map NWB LEFTTIME detector="20"  module="NWTDC"  channel="44"
map NWB LEFTTIME detector="21"  module="NWTDC"  channel="45"
map NWB LEFTTIME detector="22"  module="NWTDC"  channel="46"
map NWB LEFTTIME detector="23"  module="NWTDC"  channel="47"
map NWB RIGHT detector="24"  module="qdc1"  channel="0"
map NWB RIGHT detector="1"  module="qdc1"  channel="1"
map NWB RIGHT detector="2"  module="qdc1"  channel="2"
map NWB RIGHT detector="3"  module="qdc1"  channel="3"
map NWB RIGHT detector="4"  module="qdc1"  channel="4"
map NWB RIGHT detector="5"  module="qdc1"  channel="5"
map NWB RIGHT detector="6"  module="qdc1"  channel="6"
map NWB RIGHT detector="7"  module="qdc1"  channel="7"
map NWB RIGHT detector="8"  module="qdc1"  channel="8"
map NWB RIGHT detector="9"  module="qdc1"  channel="9"
map NWB RIGHT detector="10"  module="qdc1"  channel="10"
map NWB RIGHT detector="11"  module="qdc1"  channel="11"
map NWB RIGHT detector="12"  module="qdc1"  channel="12"
map NWB RIGHT detector="13"  module="qdc1"  channel="13"
map NWB RIGHT detector="14"  module="qdc1"  channel="14"
map NWB RIGHT detector="15"  module="qdc1"  channel="15"
map NWB RIGHT detector="16"  module="qdc1"  channel="16"
map NWB RIGHT detector="17"  module="qdc1"  channel="17"
map NWB RIGHT detector="18"  module="qdc1"  channel="18"
map NWB RIGHT detector="19"  module="qdc1"  channel="19"
map NWB RIGHT detector="20"  module="qdc1"  channel="20"
map NWB RIGHT detector="21"  module="qdc1"  channel="21"
map NWB RIGHT detector="22"  module="qdc1"  channel="22"
map NWB RIGHT detector="23"  module="qdc1"  channel="23"
map NWB RIGHTFAST detector="24"  module="qdc4"  channel="0"
map NWB RIGHTFAST detector="1"  module="qdc4"  channel="1"
map NWB RIGHTFAST detector="2"  module="qdc4"  channel="2"
map NWB RIGHTFAST detector="3"  module="qdc4"  channel="3"
map NWB RIGHTFAST detector="4"  module="qdc4"  channel="4"
map NWB RIGHTFAST detector="5"  module="qdc4"  channel="5"
map NWB RIGHTFAST detector="6"  module="qdc4"  channel="6"
map NWB RIGHTFAST detector="7"  module="qdc4"  channel="7"
map NWB RIGHTFAST detector="8"  module="qdc4"  channel="8"
map NWB RIGHTFAST detector="9"  module="qdc4"  channel="9"
map NWB RIGHTFAST detector="10"  module="qdc4"  channel="10"
map NWB RIGHTFAST detector="11"  module="qdc4"  channel="11"
map NWB RIGHTFAST detector="12"  module="qdc4"  channel="12"
map NWB RIGHTFAST detector="13"  module="qdc4"  channel="13"
map NWB RIGHTFAST detector="14"  module="qdc4"  channel="14"
map NWB RIGHTFAST detector="15"  module="qdc4"  channel="15"
map NWB RIGHTFAST detector="16"  module="qdc4"  channel="16"
map NWB RIGHTFAST detector="17"  module="qdc4"  channel="17"
map NWB RIGHTFAST detector="18"  module="qdc4"  channel="18"
map NWB RIGHTFAST detector="19"  module="qdc4"  channel="19"
map NWB RIGHTFAST detector="20"  module="qdc4"  channel="20"
map NWB RIGHTFAST detector="21"  module="qdc4"  channel="21"
map NWB RIGHTFAST detector="22"  module="qdc4"  channel="22"
map NWB RIGHTFAST detector="23"  module="qdc4"  channel="23"
map NWB RIGHTTIME detector="24"  module="NWTDC"  channel="0"
map NWB RIGHTTIME detector="1"  module="NWTDC"  channel="1"
map NWB RIGHTTIME detector="2"  module="NWTDC"  channel="2"
map NWB RIGHTTIME detector="3"  module="NWTDC"  channel="3"
map NWB RIGHTTIME detector="4"  module="NWTDC"  channel="4"
map NWB RIGHTTIME detector="5"  module="NWTDC"  channel="5"
map NWB RIGHTTIME detector="6"  module="NWTDC"  channel="6"
map NWB RIGHTTIME detector="7"  module="NWTDC"  channel="7"
map NWB RIGHTTIME detector="8"  module="NWTDC"  channel="8"
map NWB RIGHTTIME detector="9"  module="NWTDC"  channel="9"
map NWB RIGHTTIME detector="10"  module="NWTDC"  channel="10"
map NWB RIGHTTIME detector="11"  module="NWTDC"  channel="11"
map NWB RIGHTTIME detector="12"  module="NWTDC"  channel="12"
map NWB RIGHTTIME detector="13"  module="NWTDC"  channel="13"
map NWB RIGHTTIME detector="14"  module="NWTDC"  channel="14"
map NWB RIGHTTIME detector="15"  module="NWTDC"  channel="15"
map NWB RIGHTTIME detector="16"  module="NWTDC"  channel="16"
map NWB RIGHTTIME detector="17"  module="NWTDC"  channel="17"
map NWB RIGHTTIME detector="18"  module="NWTDC"  channel="18"
map NWB RIGHTTIME detector="19"  module="NWTDC"  channel="19"
map NWB RIGHTTIME detector="20"  module="NWTDC"  channel="20"
map NWB RIGHTTIME detector="21"  module="NWTDC"  channel="21"
map NWB RIGHTTIME detector="22"  module="NWTDC"  channel="22"
map NWB RIGHTTIME detector="23"  module="NWTDC"  channel="23"

** mapping for VetoWall
map VetoWall BOTTOM detector="0"  module="qdc7"  channel="1"
map VetoWall BOTTOM detector="1"  module="qdc7"  channel="3"
map VetoWall BOTTOM detector="2"  module="qdc7"  channel="5"
map VetoWall BOTTOM detector="3"  module="qdc7"  channel="7"
map VetoWall BOTTOM detector="4"  module="qdc8"  channel="5"
map VetoWall BOTTOM detector="5"  module="qdc7"  channel="11"
map VetoWall BOTTOM detector="6"  module="qdc7"  channel="13"
map VetoWall BOTTOM detector="7"  module="qdc7"  channel="15"
map VetoWall BOTTOM detector="8"  module="qdc7"  channel="17"
map VetoWall BOTTOM detector="9"  module="qdc7"  channel="19"
map VetoWall BOTTOM detector="10"  module="qdc7"  channel="21"
map VetoWall BOTTOM detector="11"  module="qdc7"  channel="23"
map VetoWall BOTTOM detector="12"  module="qdc7"  channel="25"
map VetoWall BOTTOM detector="13"  module="qdc8"  channel="3"
map VetoWall BOTTOM detector="14"  module="qdc7"  channel="29"
map VetoWall BOTTOM detector="15"  module="qdc7"  channel="31"
map VetoWall BOTTOM detector="16"  module="qdc8"  channel="17"
map VetoWall BOTTOM detector="17"  module="qdc8"  channel="19"
map VetoWall BOTTOM detector="18"  module="qdc8"  channel="21"
map VetoWall BOTTOM detector="19"  module="qdc8"  channel="23"
map VetoWall BOTTOM detector="20"  module="qdc8"  channel="25"
map VetoWall BOTTOM detector="21"  module="qdc8"  channel="27"
map VetoWall BOTTOM detector="22"  module="qdc8"  channel="29"
map VetoWall BOTTOM detector="23"  module="qdc8"  channel="31"
map VetoWall BOTTOM detector="24"  module="qdc8"  channel="7"
map VetoWall BOTTOMTIME detector="0"  module="VWTDC"  channel="123"
map VetoWall BOTTOMTIME detector="1"  module="VWTDC"  channel="97"
map VetoWall BOTTOMTIME detector="2"  module="VWTDC"  channel="98"
map VetoWall BOTTOMTIME detector="3"  module="VWTDC"  channel="99"
map VetoWall BOTTOMTIME detector="4"  module="VWTDC"  channel="126"
map VetoWall BOTTOMTIME detector="5"  module="VWTDC"  channel="101"
map VetoWall BOTTOMTIME detector="6"  module="VWTDC"  channel="102"
map VetoWall BOTTOMTIME detector="7"  module="VWTDC"  channel="122"
map VetoWall BOTTOMTIME detector="8"  module="VWTDC"  channel="113"
map VetoWall BOTTOMTIME detector="9"  module="VWTDC"  channel="105"
map VetoWall BOTTOMTIME detector="10"  module="VWTDC"  channel="106"
map VetoWall BOTTOMTIME detector="11"  module="VWTDC"  channel="107"
map VetoWall BOTTOMTIME detector="12"  module="VWTDC"  channel="121"
map VetoWall BOTTOMTIME detector="13"  module="VWTDC"  channel="108"
map VetoWall BOTTOMTIME detector="14"  module="VWTDC"  channel="110"
map VetoWall BOTTOMTIME detector="15"  module="VWTDC"  channel="111"
map VetoWall BOTTOMTIME detector="16"  module="VWTDC"  channel="112"
map VetoWall BOTTOMTIME detector="17"  module="VWTDC"  channel="124"
map VetoWall BOTTOMTIME detector="18"  module="VWTDC"  channel="114"
map VetoWall BOTTOMTIME detector="19"  module="VWTDC"  channel="115"
map VetoWall BOTTOMTIME detector="20"  module="VWTDC"  channel="116"
map VetoWall BOTTOMTIME detector="21"  module="VWTDC"  channel="117"
map VetoWall BOTTOMTIME detector="22"  module="VWTDC"  channel="118"
map VetoWall BOTTOMTIME detector="23"  module="VWTDC"  channel="119"
map VetoWall BOTTOMTIME detector="24"  module="VWTDC"  channel="120"
map VetoWall TOP detector="0"  module="qdc7"  channel="0"
map VetoWall TOP detector="1"  module="qdc7"  channel="2"
map VetoWall TOP detector="2"  module="qdc7"  channel="4"
map VetoWall TOP detector="3"  module="qdc7"  channel="6"
map VetoWall TOP detector="4"  module="qdc7"  channel="8"
map VetoWall TOP detector="5"  module="qdc7"  channel="10"
map VetoWall TOP detector="6"  module="qdc7"  channel="12"
map VetoWall TOP detector="7"  module="qdc7"  channel="14"
map VetoWall TOP detector="8"  module="qdc7"  channel="26"
map VetoWall TOP detector="9"  module="qdc7"  channel="18"
map VetoWall TOP detector="10"  module="qdc7"  channel="20"
map VetoWall TOP detector="11"  module="qdc7"  channel="22"
map VetoWall TOP detector="12"  module="qdc7"  channel="24"
map VetoWall TOP detector="13"  module="qdc8"  channel="2"
map VetoWall TOP detector="14"  module="qdc7"  channel="28"
map VetoWall TOP detector="15"  module="qdc7"  channel="30"
map VetoWall TOP detector="16"  module="qdc8"  channel="16"
map VetoWall TOP detector="17"  module="qdc8"  channel="18"
map VetoWall TOP detector="18"  module="qdc8"  channel="20"
map VetoWall TOP detector="19"  module="qdc8"  channel="22"
map VetoWall TOP detector="20"  module="qdc8"  channel="24"
map VetoWall TOP detector="21"  module="qdc8"  channel="26"
map VetoWall TOP detector="22"  module="qdc8"  channel="28"
map VetoWall TOP detector="23"  module="qdc8"  channel="30"
map VetoWall TOP detector="24"  module="qdc8"  channel="6"
map VetoWall TOPTIME detector="0"  module="VWTDC"  channel="64"
map VetoWall TOPTIME detector="1"  module="VWTDC"  channel="68"
map VetoWall TOPTIME detector="2"  module="VWTDC"  channel="72"
map VetoWall TOPTIME detector="3"  module="VWTDC"  channel="76"
map VetoWall TOPTIME detector="4"  module="VWTDC"  channel="65"
map VetoWall TOPTIME detector="5"  module="VWTDC"  channel="69"
map VetoWall TOPTIME detector="6"  module="VWTDC"  channel="73"
map VetoWall TOPTIME detector="7"  module="VWTDC"  channel="77"
map VetoWall TOPTIME detector="8"  module="VWTDC"  channel="66"
map VetoWall TOPTIME detector="9"  module="VWTDC"  channel="70"
map VetoWall TOPTIME detector="10"  module="VWTDC"  channel="74"
map VetoWall TOPTIME detector="11"  module="VWTDC"  channel="78"
map VetoWall TOPTIME detector="12"  module="VWTDC"  channel="67"
map VetoWall TOPTIME detector="13"  module="VWTDC"  channel="71"
map VetoWall TOPTIME detector="14"  module="VWTDC"  channel="75"
map VetoWall TOPTIME detector="15"  module="VWTDC"  channel="79"
map VetoWall TOPTIME detector="16"  module="VWTDC"  channel="80"
map VetoWall TOPTIME detector="17"  module="VWTDC"  channel="84"
map VetoWall TOPTIME detector="18"  module="VWTDC"  channel="88"
map VetoWall TOPTIME detector="19"  module="VWTDC"  channel="92"
map VetoWall TOPTIME detector="20"  module="VWTDC"  channel="81"
map VetoWall TOPTIME detector="21"  module="VWTDC"  channel="85"
map VetoWall TOPTIME detector="22"  module="VWTDC"  channel="89"
map VetoWall TOPTIME detector="23"  module="VWTDC"  channel="93"
map VetoWall TOPTIME detector="24"  module="VWTDC"  channel="82"

** Mapping for ForwardArray
map ForwardArray ENERGY detector="1" module="qdcfart" channel="0"
map ForwardArray ENERGY detector="2" module="qdcfart" channel="1"
map ForwardArray ENERGY detector="3" module="qdcfart" channel="2"
map ForwardArray ENERGY detector="4" module="qdcfart" channel="3"
map ForwardArray ENERGY detector="5" module="qdcfart" channel="4"
map ForwardArray ENERGY detector="6" module="qdcfart" channel="5"
map ForwardArray ENERGY detector="7" module="qdcfart" channel="6"
map ForwardArray ENERGY detector="8" module="qdcfart" channel="7"
map ForwardArray ENERGY detector="9" module="qdcfart" channel="8"
map ForwardArray ENERGY detector="10" module="qdcfart" channel="9"
map ForwardArray ENERGY detector="11" module="qdcfart" channel="10"
map ForwardArray ENERGY detector="12" module="qdcfart" channel="11"
map ForwardArray ENERGY detector="13" module="qdcfart" channel="12"
map ForwardArray ENERGY detector="14" module="qdcfart" channel="13"
map ForwardArray ENERGY detector="15" module="qdcfart" channel="14"
map ForwardArray ENERGY detector="16" module="qdcfart" channel="15"
map ForwardArray ENERGY detector="17" module="qdcfart" channel="16"
map ForwardArray ENERGY detector="18" module="qdcfart" channel="17"
map ForwardArray TIME detector="1" module="VWTDC" channel="32"
map ForwardArray TIME detector="2" module="VWTDC" channel="33"
map ForwardArray TIME detector="3" module="VWTDC" channel="34"
map ForwardArray TIME detector="4" module="VWTDC" channel="35"
map ForwardArray TIME detector="5" module="VWTDC" channel="36"
map ForwardArray TIME detector="6" module="VWTDC" channel="37"
map ForwardArray TIME detector="7" module="VWTDC" channel="38"
map ForwardArray TIME detector="8" module="VWTDC" channel="39"
map ForwardArray TIME detector="9" module="VWTDC" channel="40"
map ForwardArray TIME detector="10" module="VWTDC" channel="41"
map ForwardArray TIME detector="11" module="VWTDC" channel="42"
map ForwardArray TIME detector="12" module="VWTDC" channel="43"
map ForwardArray TIME detector="13" module="VWTDC" channel="44"
map ForwardArray TIME detector="14" module="VWTDC" channel="45"
map ForwardArray TIME detector="15" module="VWTDC" channel="46"
map ForwardArray TIME detector="16" module="VWTDC" channel="47"
map ForwardArray TIME detector="17" module="VWTDC" channel="62"
map ForwardArray TIME detector="18" module="VWTDC" channel="63"

** Mapping for uBall
map uBall FAST detector="R2_01" module="MBqdc1" channel="6"
map uBall FAST detector="R2_02" module="MBqdc1" channel="7"
map uBall FAST detector="R2_03" module="MBqdc1" channel="8"
map uBall FAST detector="R2_04" module="MBqdc1" channel="9"
map uBall FAST detector="R2_05" module="MBqdc1" channel="10"
map uBall FAST detector="R2_06" module="MBqdc1" channel="11"
map uBall FAST detector="R2_07" module="MBqdc1" channel="12"
map uBall FAST detector="R2_08" module="MBqdc1" channel="13"
map uBall FAST detector="R2_09" module="MBqdc1" channel="14"
map uBall FAST detector="R2_10" module="MBqdc1" channel="15"
map uBall FAST detector="R3_01" module="MBqdc1" channel="16"
map uBall FAST detector="R3_02" module="MBqdc1" channel="17"
map uBall FAST detector="R3_03" module="MBqdc1" channel="18"
map uBall FAST detector="R3_07" module="MBqdc1" channel="22"
map uBall FAST detector="R3_08" module="MBqdc1" channel="23"
map uBall FAST detector="R3_09" module="MBqdc1" channel="24"
map uBall FAST detector="R3_10" module="MBqdc1" channel="25"
map uBall FAST detector="R3_11" module="MBqdc1" channel="26"
map uBall FAST detector="R3_12" module="MBqdc1" channel="27"
map uBall FAST detector="R4_01" module="MBqdc1" channel="28"
map uBall FAST detector="R4_02" module="MBqdc1" channel="29"
map uBall FAST detector="R4_03" module="MBqdc1" channel="30"
map uBall FAST detector="R4_07" module="MBqdc2" channel="2"
map uBall FAST detector="R4_08" module="MBqdc2" channel="3"
map uBall FAST detector="R4_09" module="MBqdc2" channel="4"
map uBall FAST detector="R4_10" module="MBqdc2" channel="5"
map uBall FAST detector="R4_11" module="MBqdc2" channel="6"
map uBall FAST detector="R4_12" module="MBqdc2" channel="7"
map uBall FAST detector="R5_01" module="MBqdc2" channel="8"
map uBall FAST detector="R5_02" module="MBqdc2" channel="9"
map uBall FAST detector="R5_03" module="MBqdc2" channel="10"
map uBall FAST detector="R5_07" module="MBqdc2" channel="14"
map uBall FAST detector="R5_08" module="MBqdc2" channel="15"
map uBall FAST detector="R5_09" module="MBqdc2" channel="16"
map uBall FAST detector="R5_10" module="MBqdc2" channel="17"
map uBall FAST detector="R5_11" module="MBqdc2" channel="18"
map uBall FAST detector="R5_12" module="MBqdc2" channel="19"
map uBall FAST detector="R5_13" module="MBqdc2" channel="20"
map uBall FAST detector="R5_14" module="MBqdc2" channel="21"
map uBall FAST detector="R7_01" module="MBqdc3" channel="20"
map uBall FAST detector="R7_02" module="MBqdc3" channel="21"
map uBall FAST detector="R7_03" module="MBqdc3" channel="22"
map uBall FAST detector="R7_04" module="MBqdc3" channel="23"
map uBall FAST detector="R7_05" module="MBqdc3" channel="24"
map uBall FAST detector="R7_06" module="MBqdc3" channel="25"
map uBall FAST detector="R7_07" module="MBqdc3" channel="26"
map uBall FAST detector="R7_08" module="MBqdc3" channel="27"
map uBall FAST detector="R7_09" module="MBqdc3" channel="28"
map uBall FAST detector="R7_10" module="MBqdc3" channel="29"
map uBall FAST detector="R7_11" module="MBqdc3" channel="30"
map uBall FAST detector="R7_12" module="MBqdc3" channel="31"
map uBall FAST detector="R8_01" module="MBqdc2" channel="22"
map uBall FAST detector="R8_02" module="MBqdc2" channel="23"
map uBall FAST detector="R8_03" module="MBqdc2" channel="24"
map uBall FAST detector="R8_04" module="MBqdc2" channel="25"
map uBall FAST detector="R8_05" module="MBqdc2" channel="26"
map uBall FAST detector="R8_06" module="MBqdc2" channel="27"
map uBall FAST detector="R8_07" module="MBqdc2" channel="28"
map uBall FAST detector="R8_08" module="MBqdc2" channel="29"
map uBall FAST detector="R8_09" module="MBqdc2" channel="30"
map uBall FAST detector="R8_10" module="MBqdc2" channel="31"
map uBall TAIL detector="R2_01" module="MBqdc4" channel="6"
map uBall TAIL detector="R2_02" module="MBqdc4" channel="7"
map uBall TAIL detector="R2_03" module="MBqdc4" channel="8"
map uBall TAIL detector="R2_04" module="MBqdc4" channel="9"
map uBall TAIL detector="R2_05" module="MBqdc4" channel="10"
map uBall TAIL detector="R2_06" module="MBqdc4" channel="11"
map uBall TAIL detector="R2_07" module="MBqdc4" channel="12"
map uBall TAIL detector="R2_08" module="MBqdc4" channel="13"
map uBall TAIL detector="R2_09" module="MBqdc4" channel="14"
map uBall TAIL detector="R2_10" module="MBqdc4" channel="15"
map uBall TAIL detector="R3_01" module="MBqdc4" channel="16"
map uBall TAIL detector="R3_02" module="MBqdc4" channel="17"
map uBall TAIL detector="R3_03" module="MBqdc4" channel="18"
map uBall TAIL detector="R3_07" module="MBqdc4" channel="22"
map uBall TAIL detector="R3_08" module="MBqdc4" channel="23"
map uBall TAIL detector="R3_09" module="MBqdc4" channel="24"
map uBall TAIL detector="R3_10" module="MBqdc4" channel="25"
map uBall TAIL detector="R3_11" module="MBqdc4" channel="26"
map uBall TAIL detector="R3_12" module="MBqdc4" channel="27"
map uBall TAIL detector="R4_01" module="MBqdc4" channel="28"
map uBall TAIL detector="R4_02" module="MBqdc4" channel="29"
map uBall TAIL detector="R4_03" module="MBqdc4" channel="30"
map uBall TAIL detector="R4_07" module="MBqdc5" channel="2"
map uBall TAIL detector="R4_08" module="MBqdc5" channel="3"
map uBall TAIL detector="R4_09" module="MBqdc5" channel="4"
map uBall TAIL detector="R4_10" module="MBqdc5" channel="5"
map uBall TAIL detector="R4_11" module="MBqdc5" channel="6"
map uBall TAIL detector="R4_12" module="MBqdc5" channel="7"
map uBall TAIL detector="R5_01" module="MBqdc5" channel="8"
map uBall TAIL detector="R5_02" module="MBqdc5" channel="9"
map uBall TAIL detector="R5_03" module="MBqdc5" channel="10"
map uBall TAIL detector="R5_07" module="MBqdc5" channel="14"
map uBall TAIL detector="R5_08" module="MBqdc5" channel="15"
map uBall TAIL detector="R5_09" module="MBqdc5" channel="16"
map uBall TAIL detector="R5_10" module="MBqdc5" channel="17"
map uBall TAIL detector="R5_11" module="MBqdc5" channel="18"
map uBall TAIL detector="R5_12" module="MBqdc5" channel="19"
map uBall TAIL detector="R5_13" module="MBqdc5" channel="20"
map uBall TAIL detector="R5_14" module="MBqdc5" channel="21"
map uBall TAIL detector="R7_01" module="MBqdc6" channel="4"
map uBall TAIL detector="R7_02" module="MBqdc6" channel="5"
map uBall TAIL detector="R7_03" module="MBqdc6" channel="6"
map uBall TAIL detector="R7_04" module="MBqdc6" channel="7"
map uBall TAIL detector="R7_05" module="MBqdc6" channel="8"
map uBall TAIL detector="R7_06" module="MBqdc6" channel="9"
map uBall TAIL detector="R7_07" module="MBqdc6" channel="10"
map uBall TAIL detector="R7_08" module="MBqdc6" channel="11"
map uBall TAIL detector="R7_09" module="MBqdc6" channel="12"
map uBall TAIL detector="R7_10" module="MBqdc6" channel="13"
map uBall TAIL detector="R7_11" module="MBqdc6" channel="14"
map uBall TAIL detector="R7_12" module="MBqdc6" channel="15"
map uBall TAIL detector="R8_01" module="MBqdc5" channel="22"
map uBall TAIL detector="R8_02" module="MBqdc5" channel="23"
map uBall TAIL detector="R8_03" module="MBqdc5" channel="24"
map uBall TAIL detector="R8_04" module="MBqdc5" channel="25"
map uBall TAIL detector="R8_05" module="MBqdc5" channel="26"
map uBall TAIL detector="R8_06" module="MBqdc5" channel="27"
map uBall TAIL detector="R8_07" module="MBqdc5" channel="28"
map uBall TAIL detector="R8_08" module="MBqdc5" channel="29"
map uBall TAIL detector="R8_09" module="MBqdc5" channel="30"
map uBall TAIL detector="R8_10" module="MBqdc5" channel="31"
map uBall TIME detector="R2_01" module="MBtdc1" channel="6"
map uBall TIME detector="R2_02" module="MBtdc1" channel="7"
map uBall TIME detector="R2_03" module="MBtdc1" channel="8"
map uBall TIME detector="R2_04" module="MBtdc1" channel="9"
map uBall TIME detector="R2_05" module="MBtdc1" channel="10"
map uBall TIME detector="R2_06" module="MBtdc1" channel="11"
map uBall TIME detector="R2_07" module="MBtdc1" channel="12"
map uBall TIME detector="R2_08" module="MBtdc1" channel="13"
map uBall TIME detector="R2_09" module="MBtdc1" channel="14"
map uBall TIME detector="R2_10" module="MBtdc1" channel="15"
map uBall TIME detector="R3_01" module="MBtdc1" channel="16"
map uBall TIME detector="R3_02" module="MBtdc1" channel="17"
map uBall TIME detector="R3_03" module="MBtdc1" channel="18"
map uBall TIME detector="R3_07" module="MBtdc1" channel="22"
map uBall TIME detector="R3_08" module="MBtdc1" channel="23"
map uBall TIME detector="R3_09" module="MBtdc1" channel="24"
map uBall TIME detector="R3_10" module="MBtdc1" channel="25"
map uBall TIME detector="R3_11" module="MBtdc1" channel="26"
map uBall TIME detector="R3_12" module="MBtdc1" channel="27"
map uBall TIME detector="R4_01" module="MBtdc1" channel="28"
map uBall TIME detector="R4_02" module="MBtdc1" channel="29"
map uBall TIME detector="R4_03" module="MBtdc1" channel="30"
map uBall TIME detector="R4_07" module="MBtdc2" channel="2"
map uBall TIME detector="R4_08" module="MBtdc2" channel="3"
map uBall TIME detector="R4_09" module="MBtdc2" channel="4"
map uBall TIME detector="R4_10" module="MBtdc2" channel="5"
map uBall TIME detector="R4_11" module="MBtdc2" channel="6"
map uBall TIME detector="R4_12" module="MBtdc2" channel="7"
map uBall TIME detector="R5_01" module="MBtdc2" channel="8"
map uBall TIME detector="R5_02" module="MBtdc2" channel="9"
map uBall TIME detector="R5_03" module="MBtdc2" channel="10"
map uBall TIME detector="R5_07" module="MBtdc2" channel="14"
map uBall TIME detector="R5_08" module="MBtdc2" channel="15"
map uBall TIME detector="R5_09" module="MBtdc2" channel="16"
map uBall TIME detector="R5_10" module="MBtdc2" channel="17"
map uBall TIME detector="R5_11" module="MBtdc2" channel="18"
map uBall TIME detector="R5_12" module="MBtdc2" channel="19"
map uBall TIME detector="R5_13" module="MBtdc2" channel="20"
map uBall TIME detector="R5_14" module="MBtdc2" channel="21"
map uBall TIME detector="R7_01" module="MBtdc3" channel="4"
map uBall TIME detector="R7_02" module="MBtdc3" channel="5"
map uBall TIME detector="R7_03" module="MBtdc3" channel="6"
map uBall TIME detector="R7_04" module="MBtdc3" channel="7"
map uBall TIME detector="R7_05" module="MBtdc3" channel="8"
map uBall TIME detector="R7_06" module="MBtdc3" channel="9"
map uBall TIME detector="R7_07" module="MBtdc3" channel="10"
map uBall TIME detector="R7_08" module="MBtdc3" channel="11"
map uBall TIME detector="R7_09" module="MBtdc3" channel="12"
map uBall TIME detector="R7_10" module="MBtdc3" channel="13"
map uBall TIME detector="R7_11" module="MBtdc3" channel="14"
map uBall TIME detector="R7_12" module="MBtdc3" channel="15"
map uBall TIME detector="R8_01" module="MBtdc2" channel="22"
map uBall TIME detector="R8_02" module="MBtdc2" channel="23"
map uBall TIME detector="R8_03" module="MBtdc2" channel="24"
map uBall TIME detector="R8_04" module="MBtdc2" channel="25"
map uBall TIME detector="R8_05" module="MBtdc2" channel="26"
map uBall TIME detector="R8_06" module="MBtdc2" channel="27"
map uBall TIME detector="R8_07" module="MBtdc2" channel="28"
map uBall TIME detector="R8_08" module="MBtdc2" channel="29"
map uBall TIME detector="R8_09" module="MBtdc2" channel="30"
map uBall TIME detector="R8_10" module="MBtdc2" channel="31"

** Mapping for Timestamp0
map Timestamp0 TIMESTAMP module="timestamp1"
map Timestamp0 TIMESTAMPKOREANS module="timestamp1Koreans"

** Mapping for Timestamp1
map Timestamp1 TIMESTAMP module="timestamp2"
map Timestamp1 TIMESTAMPKOREANS module="timestamp2Koreans"

** Mapping the rest of TDC spare channels
map TDCTriggers NULL detector="MASTER_TRG" module="csiTDC" channel="48"
map TDCTriggers NULL detector="MASTER_TRG_NWTDC" module="NWTDC" channel="96"
map TDCTriggers NULL detector="MASTER_TRG_VWTDC" module="VWTDC" channel="1"
map TDCTriggers NULL detector="MASTER_TRG_VWTDC_2" module="VWTDC" channel="5"
map TDCTriggers NULL detector="uBallHiRA_TRG" module="csiTDC" channel="50"
map TDCTriggers NULL detector="uBallHiRA_TRG_NWTDC" module="NWTDC" channel="109"
map TDCTriggers NULL detector="uBallHiRA_TRG_VWTDC" module="VWTDC" channel="13"
map TDCTriggers NULL detector="uBallNW_TRG" module="csiTDC" channel="51"
map TDCTriggers NULL detector="uBallNW_TRG_NWTDC" module="NWTDC" channel="110"
map TDCTriggers NULL detector="uBallNW_TRG_VWTDC" module="VWTDC" channel="14"
map TDCTriggers NULL detector="HiRA_DS_TRG" module="csiTDC" channel="52"
map TDCTriggers NULL detector="HiRA_DS_TRG_NWTDC" module="NWTDC" channel="111"
map TDCTriggers NULL detector="HiRA_DS_TRG_VWTDC" module="VWTDC" channel="15"
map TDCTriggers NULL detector="uBall_DS_TRG" module="csiTDC" channel="56"
map TDCTriggers NULL detector="uBall_DS_TRG_VWTDC" module="VWTDC" channel="9"
map TDCTriggers NULL detector="NW_DS_TRG" module="csiTDC" channel="49"
map TDCTriggers NULL detector="NW_DS_TRG_NWTDC" module="NWTDC" channel="108"
map TDCTriggers NULL detector="NW_DS_TRG_VWTDC" module="VWTDC" channel="12"
map TDCTriggers NULL detector="FA_OR" module="csiTDC" channel="55"
map TDCTriggers NULL detector="FA_OR_NWTDC" module="NWTDC" channel="100"
map TDCTriggers NULL detector="FA_OR_VWTDC" module="VWTDC" channel="7"
map TDCTriggers NULL detector="DSS_VWTDC" module="VWTDC" channel="11"
map TDCTriggers NULL detector="HiRA_LIVE" module="csiTDC" channel="53"
map TDCTriggers NULL detector="RF_TRG_NWTDC" module="NWTDC" channel="105"
map TDCTriggers NULL detector="RF_TRG_VWTDC" module="VWTDC" channel="3"
map TDCTriggers NULL detector="RF_VWTDC" module="VWTDC" channel="10"
map TDCTriggers NULL detector="NW_LOCAL_TRG_NWTDC" module="NWTDC" channel="104"
map TDCTriggers NULL detector="NW_LOCAL_TRG_VWTDC" module="VWTDC" channel="8"
map TDCTriggers NULL detector="NW_FASTCLEAR_VWTDC" module="VWTDC" channel="2"
